// Jest Snapshot v1, https://goo.gl/fbAQLP

exports[`<GameFilters /> should match with snapshot 1`] = `
<div>
  <div
    class="sc-dkzDqf hTMpNr"
  >
    <button
      class="sc-bczRLJ hoyupM"
    >
      Todos
    </button>
    <button
      class="sc-bczRLJ eUvmhx"
    >
      RPG
    </button>
    <button
      class="sc-bczRLJ eUvmhx"
    >
      MMORPG
    </button>
    <button
      class="sc-bczRLJ eUvmhx"
    >
      Shooter
    </button>
  </div>
</div>
`;
