// Jest Snapshot v1, https://goo.gl/fbAQLP

exports[`<FavoriteCard /> should match with snapshot 1`] = `
<div>
  <li
    class="sc-gKXOVf dlcKCP"
  >
    <div>
      <div
        class="favoriteRating"
      >
        <p
          class="sc-hKMtZM hZQxYS"
        >
          5
        </p>
        <fieldset
          class="sc-jSMfEi bzfCno"
        >
          <span
            role="listitem"
          >
            <svg
              fill="yellow"
              height="21"
              role="img"
              stroke="currentColor"
              stroke-width="0"
              viewBox="0 0 24 24"
              width="21"
              xmlns="http://www.w3.org/2000/svg"
            >
              <path
                d="M0 0h24v24H0z"
                fill="none"
              />
              <path
                d="M0 0h24v24H0z"
                fill="none"
              />
              <path
                d="M12 17.27L18.18 21l-1.64-7.03L22 9.24l-7.19-.61L12 2 9.19 8.63 2 9.24l5.46 4.73L5.82 21z"
              />
            </svg>
          </span>
          <span
            role="listitem"
          >
            <svg
              fill="yellow"
              height="21"
              role="img"
              stroke="currentColor"
              stroke-width="0"
              viewBox="0 0 24 24"
              width="21"
              xmlns="http://www.w3.org/2000/svg"
            >
              <path
                d="M0 0h24v24H0z"
                fill="none"
              />
              <path
                d="M0 0h24v24H0z"
                fill="none"
              />
              <path
                d="M12 17.27L18.18 21l-1.64-7.03L22 9.24l-7.19-.61L12 2 9.19 8.63 2 9.24l5.46 4.73L5.82 21z"
              />
            </svg>
          </span>
          <span
            role="listitem"
          >
            <svg
              fill="yellow"
              height="21"
              role="img"
              stroke="currentColor"
              stroke-width="0"
              viewBox="0 0 24 24"
              width="21"
              xmlns="http://www.w3.org/2000/svg"
            >
              <path
                d="M0 0h24v24H0z"
                fill="none"
              />
              <path
                d="M0 0h24v24H0z"
                fill="none"
              />
              <path
                d="M12 17.27L18.18 21l-1.64-7.03L22 9.24l-7.19-.61L12 2 9.19 8.63 2 9.24l5.46 4.73L5.82 21z"
              />
            </svg>
          </span>
          <span
            role="listitem"
          >
            <svg
              fill="yellow"
              height="21"
              role="img"
              stroke="currentColor"
              stroke-width="0"
              viewBox="0 0 24 24"
              width="21"
              xmlns="http://www.w3.org/2000/svg"
            >
              <path
                d="M0 0h24v24H0z"
                fill="none"
              />
              <path
                d="M0 0h24v24H0z"
                fill="none"
              />
              <path
                d="M12 17.27L18.18 21l-1.64-7.03L22 9.24l-7.19-.61L12 2 9.19 8.63 2 9.24l5.46 4.73L5.82 21z"
              />
            </svg>
          </span>
          <span
            role="listitem"
          >
            <svg
              fill="yellow"
              height="21"
              role="img"
              stroke="currentColor"
              stroke-width="0"
              viewBox="0 0 24 24"
              width="21"
              xmlns="http://www.w3.org/2000/svg"
            >
              <path
                d="M0 0h24v24H0z"
                fill="none"
              />
              <path
                d="M0 0h24v24H0z"
                fill="none"
              />
              <path
                d="M12 17.27L18.18 21l-1.64-7.03L22 9.24l-7.19-.61L12 2 9.19 8.63 2 9.24l5.46 4.73L5.82 21z"
              />
            </svg>
          </span>
        </fieldset>
      </div>
      <p
        class="sc-hKMtZM hZQxYS"
      >
        MOBA
      </p>
      <h3
        class="sc-dkzDqf UfQEd"
      >
        League of Legends
      </h3>
    </div>
    <button
      class="sc-bczRLJ xIDPU"
    >
      Remover
    </button>
  </li>
</div>
`;
